ftware%20engineer&location=bangkok
[LOAD] https://www.linkedin.com/jobs/search/?currentJobId=4443449183&keywords=software%20engineer&location=bangkok
25 virtualized slots found.
Extracted : Technical Support Engineer | (4443449183)
Extracted : Software Engineer | Remote | (4441184555)
Extracted : Pioneer Talent Program - AI Agent Engineer (Fully Remote) | (4403991170)
Extracted : Back End Developer | (4435777233)
Extracted : Backend Software Developer (Remote) | (4445675399)
Extracted : Full Stack Engineer (Remote) | (4445694098)
Extracted : Software Engineer | (4434850170)
Extracted : Infrastructure Developer (Bangkok-based, 6-month Contract) | (4440048533)
Extracted : Software Engineer (All Levels), Back End | (4358960883)
Extracted : Software Engineer (Contract 6 Months) | (4427183912)
Extracted : Javascript Developer - Remote | (4438952918)
Extracted : Applied AI Engineer | (4444831544)
Extracted : Software Engineer (C++, Python, Java) | (4441526418)
Extracted : Software Development Support | (4440668290)
Extracted : Solutions Engineer - (Asia) Remote | (4437370339)
Extracted : Full Stack Engineer | (4443475332)
Extracted : Full Stack Developer | (4437261068)
Extracted : Data Engineer | (4442015858)
Extracted : Software Engineer | (4440537496)
Extracted : Java developer | (4437024796)
Extracted : Senior Full Stack Developer | (4396588439)
Extracted : Data Engineer | (4434958527)
Extracted : Software Engineer | (4433104519)
Extracted : Ai Solutions Engineer | (4436094227)
Extracted : Fullstack Developer (JavaScript/React, .NET/C#) | (4444880171)
Persisted: 25 jobs (5 new, 20 updated) | 25 discoveries (6 new, 19 updated)
[HISTORY pushState] /jobs/search/?currentJobId=4443449183&keywords=software%20engineer&location=bangkok&start=25
[NAVIGATION] https://www.linkedin.com/jobs/search/?currentJobId=4443449183&keywords=software%20engineer&location=bangkok&start=25
[HISTORY replaceState] /jobs/search/?currentJobId=4442025658&keywords=software%20engineer&location=bangkok&start=25
[NAVIGATION] https://www.linkedin.com/jobs/search/?currentJobId=4442025658&keywords=software%20engineer&location=bangkok&start=25
25 virtualized slots found.
Extracted : Software Engineer | Remote | (4442025658)
Extracted : Full Stack Engineer | (4401409527)
Extracted : Frontend Developer - TypeScript (Remote) | (4445683145)
Extracted : Software Engineer (Remote) | (4445679155)
Extracted : Software Engineer | (4430885667)
Extracted : Javascript Developer - Remote | (4437928849)
Extracted : AI-Augmented and Full stack Engineer Internship | (4424180993)
Extracted : Software Engineer | (4383778331)
Extracted : Software Developer, Back End (Bangkok-based, 6-month Contract) | (4444457630)
Extracted : Senior Software Engineer, Full Stack | (4411351890)
Extracted : Full Stack Developer (Java Script/Java Spring Boot) | (4438218030)
Extracted : AWS Cloud Engineer (Python, TypeScript/JavaScript) | (4369455469)
Extracted : Full Stack Developer (Next.js + NestJS) (Senior) | (4440413936)
Extracted : Frontend React / React Native Developer | (4438117100)
Extracted : Research Development Software Engineer | (4440119104)
Extracted : Solution Engineering Intern (Fresh Grads or OJTs) | (4444325231)
Extracted : AI Transformation (AI Engineer) (Shopee) | (4392840738)
Extracted : Artificial Intelligence Engineer | (4440675830)
Extracted : React Native Developer (Remote) | (4445955037)
Extracted : Developer - 61485 | (4406632538)
Extracted : React/Next.JS Front-End Developer | (4442741237)
Extracted : Automation Engineer | (4430570974)
Extracted : Software Engineer | (4437135685)
Extracted : Software Engineer (Java / C#) | (4443826461)
Extracted : Jr. Full Stack Developer | (4437764923)
Persisted: 25 jobs (4 new, 21 updated) | 25 discoveries (9 new, 16 updated)
[HISTORY pushState] /jobs/search/?currentJobId=4442025658&keywords=software%20engineer&location=bangkok&start=50
[NAVIGATION] https://www.linkedin.com/jobs/search/?currentJobId=4442025658&keywords=software%20engineer&location=bangkok&start=50
25 virtualized slots found.
Extracted : Software Engineer | Remote | (4442025658)
Already collected job: 4442025658
Extracted : Full Stack Engineer | (4401409527)
Already collected job: 4401409527
Extracted : Frontend Developer - TypeScript (Remote) | (4445683145)
Already collected job: 4445683145
Extracted : Software Engineer (Remote) | (4445679155)
Already collected job: 4445679155
Extracted : Software Engineer | (4430885667)
Already collected job: 4430885667
Extracted : Javascript Developer - Remote | (4437928849)
Already collected job: 4437928849
Extracted : AI-Augmented and Full stack Engineer Internship | (4424180993)
Already collected job: 4424180993
Extracted : Software Engineer | (4383778331)
Already collected job: 4383778331
Extracted : Software Developer, Back End (Bangkok-based, 6-month Contract) | (4444457630)
Already collected job: 4444457630
Extracted : Senior Software Engineer, Full Stack | (4411351890)
Already collected job: 4411351890
Extracted : Full Stack Developer (Java Script/Java Spring Boot) | (4438218030)
Already collected job: 4438218030
Extracted : AWS Cloud Engineer (Python, TypeScript/JavaScript) | (4369455469)
Already collected job: 4369455469
Extracted : Full Stack Developer (Next.js + NestJS) (Senior) | (4440413936)
Already collected job: 4440413936
Extracted : Frontend React / React Native Developer | (4438117100)
Already collected job: 4438117100
Extracted : Research Development Software Engineer | (4440119104)
Already collected job: 4440119104
Extracted : Solution Engineering Intern (Fresh Grads or OJTs) | (4444325231)
Already collected job: 4444325231
Extracted : AI Transformation (AI Engineer) (Shopee) | (4392840738)
Already collected job: 4392840738
Extracted : Artificial Intelligence Engineer | (4440675830)
Already collected job: 4440675830
Extracted : React Native Developer (Remote) | (4445955037)
Already collected job: 4445955037
Extracted : Developer - 61485 | (4406632538)
Already collected job: 4406632538
Extracted : React/Next.JS Front-End Developer | (4442741237)
Already collected job: 4442741237
Extracted : Automation Engineer | (4430570974)
Already collected job: 4430570974
Extracted : Software Engineer | (4437135685)
Already collected job: 4437135685
Extracted : Software Engineer (Java / C#) | (4443826461)
Already collected job: 4443826461
Extracted : Jr. Full Stack Developer | (4437764923)
Already collected job: 4437764923
Persisted: 0 jobs (0 new, 0 updated) | 0 discoveries (0 new, 0 updated)
[HISTORY pushState] /jobs/search/?currentJobId=4442025658&keywords=software%20engineer&location=bangkok&start=75
[NAVIGATION] https://www.linkedin.com/jobs/search/?currentJobId=4442025658&keywords=software%20engineer&location=bangkok&start=75
25 virtualized slots found.
Extracted : Software Engineer | Remote | (4442025658)
Already collected job: 4442025658
Extracted : Full Stack Engineer | (4401409527)
Already collected job: 4401409527
Extracted : Frontend Developer - TypeScript (Remote) | (4445683145)
Already collected job: 4445683145
Extracted : Software Engineer (Remote) | (4445679155)
Already collected job: 4445679155
Extracted : Software Engineer | (4430885667)
Already collected job: 4430885667
Extracted : Javascript Developer - Remote | (4437928849)
Already collected job: 4437928849
Extracted : AI-Augmented and Full stack Engineer Internship | (4424180993)
Already collected job: 4424180993
Extracted : Software Engineer | (4383778331)
Already collected job: 4383778331
Extracted : Software Developer, Back End (Bangkok-based, 6-month Contract) | (4444457630)
Already collected job: 4444457630
Extracted : Senior Software Engineer, Full Stack | (4411351890)
Already collected job: 4411351890
Extracted : Full Stack Developer (Java Script/Java Spring Boot) | (4438218030)
Already collected job: 4438218030